------------------------------------------------------------
Timing Analyzer Summary
------------------------------------------------------------

Type  : Slow 1200mV 85C Model Setup 'clk_100M'
Slack : 2.502
TNS   : 0.000

Type  : Slow 1200mV 85C Model Hold 'clk_100M'
Slack : 0.356
TNS   : 0.000

Type  : Slow 1200mV 85C Model Minimum Pulse Width 'clk_100M'
Slack : 4.483
TNS   : 0.000

Type  : Slow 1200mV 85C Model Minimum Pulse Width 'clk_60M'
Slack : 7.479
TNS   : 0.000

Type  : Slow 1200mV 0C Model Setup 'clk_100M'
Slack : 2.759
TNS   : 0.000

Type  : Slow 1200mV 0C Model Hold 'clk_100M'
Slack : 0.310
TNS   : 0.000

Type  : Slow 1200mV 0C Model Minimum Pulse Width 'clk_100M'
Slack : 4.491
TNS   : 0.000

Type  : Slow 1200mV 0C Model Minimum Pulse Width 'clk_60M'
Slack : 7.488
TNS   : 0.000

Type  : Fast 1200mV 0C Model Setup 'clk_100M'
Slack : 3.180
TNS   : 0.000

Type  : Fast 1200mV 0C Model Hold 'clk_100M'
Slack : 0.184
TNS   : 0.000

Type  : Fast 1200mV 0C Model Minimum Pulse Width 'clk_100M'
Slack : 4.202
TNS   : 0.000

Type  : Fast 1200mV 0C Model Minimum Pulse Width 'clk_60M'
Slack : 7.201
TNS   : 0.000

------------------------------------------------------------
