------------------------------------------------------------
TimeQuest Timing Analyzer Summary
------------------------------------------------------------

Type  : Slow 1200mV 85C Model Setup 'clk_100M'
Slack : 1.373
TNS   : 0.000

Type  : Slow 1200mV 85C Model Hold 'clk_100M'
Slack : 0.356
TNS   : 0.000

Type  : Slow 1200mV 85C Model Minimum Pulse Width 'clk_100M'
Slack : 4.484
TNS   : 0.000

Type  : Slow 1200mV 85C Model Minimum Pulse Width 'clk_60M'
Slack : 7.500
TNS   : 0.000

Type  : Slow 1200mV 0C Model Setup 'clk_100M'
Slack : 1.782
TNS   : 0.000

Type  : Slow 1200mV 0C Model Hold 'clk_100M'
Slack : 0.310
TNS   : 0.000

Type  : Slow 1200mV 0C Model Minimum Pulse Width 'clk_100M'
Slack : 4.492
TNS   : 0.000

Type  : Slow 1200mV 0C Model Minimum Pulse Width 'clk_60M'
Slack : 7.510
TNS   : 0.000

Type  : Fast 1200mV 0C Model Setup 'clk_100M'
Slack : 2.798
TNS   : 0.000

Type  : Fast 1200mV 0C Model Hold 'clk_100M'
Slack : 0.185
TNS   : 0.000

Type  : Fast 1200mV 0C Model Minimum Pulse Width 'clk_100M'
Slack : 4.202
TNS   : 0.000

Type  : Fast 1200mV 0C Model Minimum Pulse Width 'clk_60M'
Slack : 7.210
TNS   : 0.000

------------------------------------------------------------
